// Jest Snapshot v1, https://goo.gl/fbAQLP

exports[`Deve renderizar um paragrafo quando o namespace for text.P 1`] = `
<p
  style="color: var(--color-master); font-family: var(--font-family-base); font-size: var(--font-size-xs); font-weight: var(--font-weight-regular); letter-spacing: 0.618px;"
>
  kuba
</p>
`;
